193.52.0.0 - - [16/Jul/2025:10:01:02 +0000] "GET /icone-assistance-light.svg HTTP/1.1" 200 1129 "https://v2-dev.theses.fr/?domaine=theses" "Mozilla/5.0 (Windows NT 10.0; Win64; x64) AppleWebKit/537.36 (KHTML, like Gecko) Chrome/138.0.0.0 Safari/537.36" "-" "-" "-" "-"
193.52.0.0 - - [16/Jul/2025:10:01:02 +0000] "GET /favicon.ico HTTP/1.1" 200 1150 "https://v2-dev.theses.fr/?domaine=theses" "Mozilla/5.0 (Windows NT 10.0; Win64; x64) AppleWebKit/537.36 (KHTML, like Gecko) Chrome/138.0.0.0 Safari/537.36" "-" "-" "-" "-"
193.52.0.0 - - [16/Jul/2025:10:01:02 +0000] "GET /icone-documentation-light.svg HTTP/1.1" 200 601 "https://v2-dev.theses.fr/?domaine=theses" "Mozilla/5.0 (Windows NT 10.0; Win64; x64) AppleWebKit/537.36 (KHTML, like Gecko) Chrome/138.0.0.0 Safari/537.36" "-" "-" "-" "-"
193.52.0.0 - - [16/Jul/2025:10:01:02 +0000] "GET /icone-handicap-visuel-light.svg HTTP/1.1" 200 1813 "https://v2-dev.theses.fr/?domaine=theses" "Mozilla/5.0 (Windows NT 10.0; Win64; x64) AppleWebKit/537.36 (KHTML, like Gecko) Chrome/138.0.0.0 Safari/537.36" "-" "-" "-" "-"
193.52.0.0 - - [16/Jul/2025:10:01:01 +0000] "GET /api/v1/theses/statsSujets HTTP/1.1" 200 5 "-" "node" "-" "-" "-" "-"
193.52.0.0 - - [16/Jul/2025:10:01:02 +0000] "GET /icone-theses-beta.svg HTTP/1.1" 200 2647 "https://v2-dev.theses.fr/?domaine=theses" "Mozilla/5.0 (Windows NT 10.0; Win64; x64) AppleWebKit/537.36 (KHTML, like Gecko) Chrome/138.0.0.0 Safari/537.36" "-" "-" "-" "-"
193.52.0.0 - - [16/Jul/2025:10:01:01 +0000] "GET /api/v1/personnes/stats HTTP/1.1" 200 6 "-" "node" "-" "-" "-" "-"
193.52.0.0 - - [16/Jul/2025:10:01:01 +0000] "GET /?domaine=theses HTTP/1.1" 200 717117 "-" "Mozilla/5.0 (Windows NT 10.0; Win64; x64) AppleWebKit/537.36 (KHTML, like Gecko) Chrome/138.0.0.0 Safari/537.36" "-" "-" "-" "-"
193.52.0.0 - - [16/Jul/2025:10:01:01 +0000] "GET /api/v1/theses/statsTheses HTTP/1.1" 200 6 "-" "node" "-" "-" "-" "-"
193.52.0.0 - - [16/Jul/2025:10:01:02 +0000] "GET /favicon.ico HTTP/1.1" 200 1150 "-" "Mozilla/5.0 (Windows NT 10.0; Win64; x64) AppleWebKit/537.36 (KHTML, like Gecko) Chrome/138.0.0.0 Safari/537.36" "-" "-" "-" "-"
193.52.0.0 - - [16/Jul/2025:10:01:12 +0000] "GET /284293342 HTTP/1.1" 404 696394 "-" "Mozilla/5.0 (Windows NT 10.0; Win64; x64) AppleWebKit/537.36 (KHTML, like Gecko) Chrome/138.0.0.0 Safari/537.36" "-" "-" "-" "-"
193.52.0.0 - - [16/Jul/2025:10:01:12 +0000] "GET /api/v1/theses/getorganismename/284293342 HTTP/1.1" 200 - "-" "node" "-" "-" "-" "-"
193.52.0.0 - - [16/Jul/2025:10:01:12 +0000] "GET /api/v1/personnes/personne/284293342 HTTP/1.1" 400 53 "-" "node" "-" "-" "-" "-"
